###############################################################################
#
# IAR ELF Linker V9.10.2.313/W64 for ARM                  01/Dec/2021  07:49:53
# Copyright 2007-2021 IAR Systems AB.
#
#    Output file  =
#        G:\Semester
#        7\Embedded\EmbeddedLabs\Lab5\Team4_Lab5_ProgessReport\Debug\Exe\LEDtiva.out
#    Map file     =
#        G:\Semester
#        7\Embedded\EmbeddedLabs\Lab5\Team4_Lab5_ProgessReport\Debug\List\LEDtiva.map
#    Command line =
#        -f "G:\Semester
#        7\Embedded\EmbeddedLabs\Lab5\Team4_Lab5_ProgessReport\Debug\Exe\LEDtiva.out.rsp"
#        ("G:\Semester
#        7\Embedded\EmbeddedLabs\Lab5\Team4_Lab5_ProgessReport\Debug\Obj\DIO.o"
#        "G:\Semester
#        7\Embedded\EmbeddedLabs\Lab5\Team4_Lab5_ProgessReport\Debug\Obj\KEYBAD.o"
#        "G:\Semester
#        7\Embedded\EmbeddedLabs\Lab5\Team4_Lab5_ProgessReport\Debug\Obj\main.o"
#        --no_out_extension -o "G:\Semester
#        7\Embedded\EmbeddedLabs\Lab5\Team4_Lab5_ProgessReport\Debug\Exe\LEDtiva.out"
#        --map "G:\Semester
#        7\Embedded\EmbeddedLabs\Lab5\Team4_Lab5_ProgessReport\Debug\List\LEDtiva.map"
#        --config "C:\Program Files\IAR Systems\Embedded Workbench
#        9.0\arm\config\linker\TexasInstruments\TM4C123GH6.icf" --semihosting
#        --entry __iar_program_start --vfe --text_out locale)
#
###############################################################################

*******************************************************************************
*** RUNTIME MODEL ATTRIBUTES
***

CppFlavor       = *
__SystemLibrary = DLib
__dlib_version  = 6


*******************************************************************************
*** HEAP SELECTION
***

The basic heap was selected because some modules are built with
size limitations (and not runtime checking), and --advanced_heap
was not specified.


*******************************************************************************
*** PLACEMENT SUMMARY
***

"A0":  place at address 0x0 { ro section .intvec };
"P1":  place in [from 0x0 to 0x3'ffff] { ro };
define block CSTACK with size = 4K, alignment = 8 { };
define block HEAP with size = 8K, alignment = 8 { };
"P2":  place in [from 0x2000'0000 to 0x2000'7fff] {
          rw, block CSTACK, block HEAP };

No sections matched the following patterns:

  rw  in "P2"


  Section   Kind         Address    Size  Object
  -------   ----         -------    ----  ------
"A0":                               0x40
  .intvec   ro code          0x0    0x40  vector_table_M.o [4]
                          - 0x40    0x40

"P1":                              0x9e8
  .text     ro code         0x40   0x318  DIO.o [1]
  .text     ro code        0x358   0x218  main.o [1]
  .text     ro code        0x570   0x154  KEYBAD.o [1]
  .text     ro code        0x6c4    0x14  memset.o [4]
  .text     ro code        0x6d8   0x150  iar_Stoulx.o [2]
  .text     ro code        0x828    0x56  ABImemcpy_unaligned.o [4]
  .text     ro code        0x87e     0x2  vectortrap_M.o [4]
  .text     ro code        0x880    0x66  ABImemset.o [4]
  .text     ro code        0x8e8    0x58  memchr.o [4]
  .rodata   const          0x940    0x50  iar_Stoulx.o [2]
  .text     ro code        0x990    0x22  fpinit_M.o [3]
  .text     ro code        0x9b4    0x1e  cmain.o [4]
  .text     ro code        0x9d2     0x4  low_level_init.o [2]
  .text     ro code        0x9d6     0x4  exit.o [2]
  .text     ro code        0x9dc     0xa  cexit.o [4]
  .text     ro code        0x9e8    0x14  exit.o [5]
  .text     ro code        0x9fc    0x1c  cstartup_M.o [4]
  .rodata   const          0xa18    0x10  KEYBAD.o [1]
                         - 0xa28   0x9e8

"P2":                             0x1000
  CSTACK             0x2000'0000  0x1000  <Block>
    CSTACK  uninit   0x2000'0000  0x1000  <Block tail>
                   - 0x2000'1000  0x1000

Unused ranges:

         From           To      Size
         ----           --      ----
        0xa28     0x3'ffff  0x3'f5d8
  0x2000'1000  0x2000'7fff    0x7000



*******************************************************************************
*** MODULE SUMMARY
***

    Module                 ro code  ro data  rw data
    ------                 -------  -------  -------
command line/config:
    ------------------------------------------------
    Total:

G:\Semester 7\Embedded\EmbeddedLabs\Lab5\Team4_Lab5_ProgessReport\Debug\Obj: [1]
    DIO.o                      792
    KEYBAD.o                   340       16
    main.o                     536
    ------------------------------------------------
    Total:                   1'668       16

dl7M_tln.a: [2]
    exit.o                       4
    iar_Stoulx.o               336       80
    low_level_init.o             4
    ------------------------------------------------
    Total:                     344       80

m7M_tls.a: [3]
    fpinit_M.o                  34
    ------------------------------------------------
    Total:                      34

rt7M_tl.a: [4]
    ABImemcpy_unaligned.o       86
    ABImemset.o                102
    cexit.o                     10
    cmain.o                     30
    cstartup_M.o                28
    memchr.o                    88
    memset.o                    20
    vector_table_M.o            64
    vectortrap_M.o               2
    ------------------------------------------------
    Total:                     430

shb_l.a: [5]
    exit.o                      20
    ------------------------------------------------
    Total:                      20

    Gaps                         8
    Linker created                             4'096
----------------------------------------------------
    Grand Total:             2'504       96    4'096


*******************************************************************************
*** ENTRY LIST
***

Entry                       Address   Size  Type      Object
-----                       -------   ----  ----      ------
?main                         0x9b5         Code  Gb  cmain.o [4]
BusFault_Handler              0x87f         Code  Wk  vectortrap_M.o [4]
CSTACK$$Base            0x2000'0000          --   Gb  - Linker created -
CSTACK$$Limit           0x2000'1000          --   Gb  - Linker created -
DIO_INIT                       0x41  0x26a  Code  Gb  DIO.o [1]
DebugMon_Handler              0x87f         Code  Wk  vectortrap_M.o [4]
HardFault_Handler             0x87f         Code  Wk  vectortrap_M.o [4]
MemManage_Handler             0x87f         Code  Wk  vectortrap_M.o [4]
NMI_Handler                   0x87f         Code  Wk  vectortrap_M.o [4]
PendSV_Handler                0x87f         Code  Wk  vectortrap_M.o [4]
Region$$Table$$Base             0x0          --   Gb  - Linker created -
Region$$Table$$Limit            0x0          --   Gb  - Linker created -
SVC_Handler                   0x87f         Code  Wk  vectortrap_M.o [4]
SysTick_Handler               0x87f         Code  Wk  vectortrap_M.o [4]
UsageFault_Handler            0x87f         Code  Wk  vectortrap_M.o [4]
__aeabi_memset                0x881         Code  Gb  ABImemset.o [4]
__cmain                       0x9b5         Code  Gb  cmain.o [4]
__exit                        0x9e9   0x14  Code  Gb  exit.o [5]
__iar_Memchr                  0x8e9         Code  Gb  memchr.o [4]
__iar_Memset                  0x881         Code  Gb  ABImemset.o [4]
__iar_Memset_word             0x889         Code  Gb  ABImemset.o [4]
__iar_Stoulx                  0x6d9  0x13e  Code  Gb  iar_Stoulx.o [2]
__iar_init_vfp                0x991         Code  Gb  fpinit_M.o [3]
__iar_program_start           0x9fd         Code  Gb  cstartup_M.o [4]
__iar_unaligned_memcpy4
                              0x829         Code  Gb  ABImemcpy_unaligned.o [4]
__iar_unaligned_memcpy8
                              0x829         Code  Gb  ABImemcpy_unaligned.o [4]
__low_level_init              0x9d3    0x4  Code  Gb  low_level_init.o [2]
__vector_table                  0x0         Data  Gb  vector_table_M.o [4]
_call_main                    0x9c1         Code  Gb  cmain.o [4]
_exit                         0x9dd         Code  Gb  cexit.o [4]
atoi                          0x81d    0x2  Code  Gb  iar_Stoulx.o [2]
delay_ms                      0x33d   0x1c  Code  Gb  DIO.o [1]
delay_us                      0x325   0x18  Code  Gb  DIO.o [1]
digits                        0x968   0x28  Data  Lc  iar_Stoulx.o [2]
exit                          0x9d7    0x4  Code  Gb  exit.o [2]
keypad_Init                   0x571   0xa2  Code  Gb  KEYBAD.o [1]
keypad_read                   0x615   0x98  Code  Gb  KEYBAD.o [1]
main                          0x359    0xc  Code  Gb  main.o [1]
memchr                        0x8e9         Code  Gb  memchr.o [4]
memset                        0x6c5   0x14  Code  Gb  memset.o [4]
ndigs                         0x940   0x28  Data  Lc  iar_Stoulx.o [2]
tiny_calc                     0x365  0x206  Code  Gb  main.o [1]


[1] = G:\Semester 7\Embedded\EmbeddedLabs\Lab5\Team4_Lab5_ProgessReport\Debug\Obj
[2] = dl7M_tln.a
[3] = m7M_tls.a
[4] = rt7M_tl.a
[5] = shb_l.a

  2'504 bytes of readonly  code memory
     96 bytes of readonly  data memory
  4'096 bytes of readwrite data memory

Errors: none
Warnings: none
